8 Day Overview
  The lowest temperature will be 8.3째C, and will occur on Friday 19 June 2020.
  The highest temperature will be 22.2째C, and will occur on Sunday 21 June 2020.
  The average low this week is 11.4째C.
  The average high this week is 18.8째C.
