8 Day Overview
  The lowest temperature will be -46.7째C, and will occur on Tuesday 23 June 2020.
  The highest temperature will be 22.2째C, and will occur on Sunday 21 June 2020.
  The average low this week is -16.1째C.
  The average high this week is 12.4째C.
