5 Day Overview
  The lowest temperature will be 9.4째C, and will occur on Friday 02 July 2021.
  The highest temperature will be 20.0째C, and will occur on Saturday 03 July 2021.
  The average low this week is 12.2째C.
  The average high this week is 17.8째C.
